2)git clone https://lernerbruno@bitbucket.org/Samowicz/first-repository.git
Cloning into 'first-repository'...
remote: Counting objects: 17, done.
remote: Compressing objects: 100% (14/14), done.
remote: Total 17 (delta 4), reused 0 (delta 0)
Unpacking objects: 100% (17/17), done.
Brunos-MacBook-Pro:workspace brunolerner$ cd first-repository/
Brunos-MacBook-Pro:first-repository brunolerner$ ls
Answer Files		Git cheat sheet.pdf	Git_first_file.txt	hello_world.txt
Brunos-MacBook-Pro:first-repository brunolerner$ git log
commit 54d7e033ed74b576264ac465ece1b691b3d42f66 (HEAD -> master, origin/master, origin/HEAD)
Author: Samo <samanthagomplewicz@gmail.com>
Date:   Thu May 2 12:08:43 2019 +0300

    new commit

commit 27d314b58a7892186c8f29abd1da46800b68f438
Author: Samo <samanthagomplewicz@gmail.com>
Date:   Thu May 2 12:06:06 2019 +0300

    Second commit

commit 4a3b6abf567774fb1c3c7c15c50e3f4bf6542176
Author: Samo <samanthagomplewicz@gmail.com>
Date:   Thu May 2 12:04:11 2019 +0300

    First commit

Brunos-MacBook-Pro:first-repository brunolerner$ git blame hello_world.txt
^4a3b6ab (Samo 2019-05-02 12:04:11 +0300 1) Lorem   ipsum   dolor   sit   amet, consectetuer   adipiscing   elit. Aenean   commodo   ligula   eget   dolor. Aenean   massa.
^4a3b6ab (Samo 2019-05-02 12:04:11 +0300 2) Cum   sociis   natoque   penatibus   et   magnis   dis   parturient   montes, nascetur      mus.
27d314b5 (Samo 2019-05-02 12:06:06 +0300 3) Donec bisous  quam   felis,   ultricies   nec,   pellentesque   eu,   pretium   quis,   sem. Nulla   consequat   massa   quis   enim.
^4a3b6ab (Samo 2019-05-02 12:04:11 +0300 4) Donec   pede   justo,   fringilla   vel,   aliquet   nec,   vulputate   eget,   arcu.


3)
Brunos-MacBook-Pro:first-repository brunolerner$ sed -i '' 's/Aenean/Aenjeayn/g' hello_world.txt
Brunos-MacBook-Pro:first-repository brunolerner$ git status
On branch master
Your branch is up-to-date with 'origin/master'.

Changes not staged for commit:
  (use "git add <file>..." to update what will be committed)
  (use "git checkout -- <file>..." to discard changes in working directory)

	modified:   hello_world.txt

no changes added to commit (use "git add" and/or "git commit -a")
Brunos-MacBook-Pro:first-repository brunolerner$ git add .
Brunos-MacBook-Pro:first-repository brunolerner$ git status
On branch master
Your branch is up-to-date with 'origin/master'.

Changes to be committed:
  (use "git reset HEAD <file>..." to unstage)

	modified:   hello_world.txt

Brunos-MacBook-Pro:first-repository brunolerner$ git commit -m 'Aenean changes'
[master 9e6b75e] Aenean changes
 1 file changed, 1 insertion(+), 1 deletion(-)
Brunos-MacBook-Pro:first-repository brunolerner$ git push
Counting objects: 3, done.
Delta compression using up to 4 threads.
Compressing objects: 100% (3/3), done.
Writing objects: 100% (3/3), 295 bytes | 295.00 KiB/s, done.
Total 3 (delta 2), reused 0 (delta 0)
To https://bitbucket.org/Samowicz/first-repository.git
   54d7e03..9e6b75e  master -> master