3) Brunos-MacBook-Pro:workspace brunolerner$ git config --global user.name lernerbruno
Brunos-MacBook-Pro:workspace brunolerner$ git config --global user.email bru.lerner@gmail.com

4) git clone https://github.com/lernerbruno/python-trainning-itc.git
	Brunos-MacBook-Pro:python-trainning-itc brunolerner$ ls -a
.		..		.git		README.md

5) Brunos-MacBook-Pro:python-trainning-itc brunolerner$ git status
On branch master
Your branch is up-to-date with 'origin/master'.

Untracked files:
  (use "git add <file>..." to include in what will be committed)

	hello_world.txt

nothing added to commit but untracked files present (use "git add" to track)

Brunos-MacBook-Pro:python-trainning-itc brunolerner$ git add hello_world.txt
Brunos-MacBook-Pro:python-trainning-itc brunolerner$ git status
On branch master
Your branch is up-to-date with 'origin/master'.

Changes to be committed:
  (use "git reset HEAD <file>..." to unstage)

	new file:   hello_world.txt

	A staged file is a file that have been modified but not sent to our remote repository, it changes only exists locally

6) 
Brunos-MacBook-Pro:python-trainning-itc brunolerner$ cp ~/PycharmProjects/python-exercises/* .
Brunos-MacBook-Pro:python-trainning-itc brunolerner$ git add .
Brunos-MacBook-Pro:python-trainning-itc brunolerner$ git status
On branch master
Your branch is up-to-date with 'origin/master'.

Changes to be committed:
  (use "git reset HEAD <file>..." to unstage)

	new file:   ex1-know_your_environment.zip
	new file:   ex2-whats_yourstate.zip
	new file:   ex3-bugging_doctor.zip
	new file:   ex4-decrypt1.zip
	new file:   ex5-decrypt2.zip

Brunos-MacBook-Pro:python-trainning-itc brunolerner$ git commit -m 'add zip files'
[master 923560b] add zip files
 5 files changed, 0 insertions(+), 0 deletions(-)
 create mode 100644 ex1-know_your_environment.zip
 create mode 100644 ex2-whats_yourstate.zip
 create mode 100644 ex3-bugging_doctor.zip
 create mode 100644 ex4-decrypt1.zip
 create mode 100644 ex5-decrypt2.zip
Brunos-MacBook-Pro:python-trainning-itc brunolerner$ git push
Counting objects: 7, done.
Delta compression using up to 4 threads.
Compressing objects: 100% (7/7), done.
Writing objects: 100% (7/7), 1.59 MiB | 650.00 KiB/s, done.
Total 7 (delta 0), reused 0 (delta 0)
To https://github.com/lernerbruno/python-trainning-itc.git
   3726df5..923560b  master -> master